============================= test session starts =============================
platform win32 -- Python 3.12.10, pytest-9.0.3, pluggy-1.6.0
rootdir: C:\Users\CarlosCortes\Desktop\Atollom KINEXIS
plugins: anyio-4.13.0, asyncio-1.3.0, mock-3.15.1, respx-0.23.1
asyncio: mode=Mode.STRICT, debug=False, asyncio_default_fixture_loop_scope=None, asyncio_default_test_loop_scope=function
collected 48 items

tests\test_instagram_dm_handler_agent.py F.FFFF..F.F.                    [ 25%]
tests\test_instagram_comments_agent.py F..F........                      [ 50%]
tests\test_price_sync_agent.py ............                              [ 75%]
tests\test_returns_refunds_agent.py ..F.F..F..FF                         [100%]

================================== FAILURES ===================================
________________________ test_hmac_invalido_rechazado _________________________

mock_supabase = <MagicMock id='1957182531072'>

    @pytest.mark.asyncio
    async def test_hmac_invalido_rechazado(mock_supabase):
        agent = InstagramDMHandlerAgent("tenant-123", mock_supabase)
        agent.meta_adapter.verify_webhook_signature = AsyncMock(return_value=False)
    
        data = {
            "sender_id": "user-1",
            "message_text": "hola",
            "payload_bytes": b"raw",
            "x_hub_signature": "sha256=invalid"
        }
    
        result = await agent.run(data)
>       assert result["status"] == "error"
E       AssertionError: assert 'success' == 'error'
E         
E         - error
E         + success

tests\test_instagram_dm_handler_agent.py:34: AssertionError
______________________ test_b2b_intent_cantidad_mayor_5 _______________________

mock_supabase = <MagicMock id='1957184175424'>

    @pytest.mark.asyncio
    async def test_b2b_intent_cantidad_mayor_5(mock_supabase):
        agent = InstagramDMHandlerAgent("tenant-123", mock_supabase)
        agent.meta_adapter.send_instagram_dm = AsyncMock(return_value=True)
    
        data = {"sender_id": "u1", "message_text": "Quiero 10 unidades de cepillos"}
        result = await agent.run(data)
>       assert result["output"]["intent_detected"] == "B2B"
E       AssertionError: assert 'away_message' == 'B2B'
E         
E         - B2B
E         + away_message

tests\test_instagram_dm_handler_agent.py:55: AssertionError
________________________ test_b2b_intent_regex_factura ________________________

mock_supabase = <MagicMock id='1957184413792'>

    @pytest.mark.asyncio
    async def test_b2b_intent_regex_factura(mock_supabase):
        agent = InstagramDMHandlerAgent("tenant-123", mock_supabase)
        agent.meta_adapter.send_instagram_dm = AsyncMock(return_value=True)
    
        data = {"sender_id": "u1", "message_text": "Necesito factura para mi empresa"}
        result = await agent.run(data)
>       assert result["output"]["intent_detected"] == "B2B"
E       AssertionError: assert 'away_message' == 'B2B'
E         
E         - B2B
E         + away_message

tests\test_instagram_dm_handler_agent.py:65: AssertionError
_____________________ test_fuera_horario_mensaje_ausencia _____________________

mock_supabase = <MagicMock id='1957184698416'>

    @pytest.mark.asyncio
    async def test_fuera_horario_mensaje_ausencia(mock_supabase):
        # Mock config para estar "cerrado" (start=23, end=23)
        mock_supabase.table().select().eq().single().execute = AsyncMock(return_value=MagicMock(data={
            "config": {"business_hours": {"start": 23, "end": 23, "days": [1]}}
        }))
    
        agent = InstagramDMHandlerAgent("tenant-123", mock_supabase)
        agent.meta_adapter.send_instagram_dm = AsyncMock(return_value=True)
    
        data = {"sender_id": "u1", "message_text": "Hola"}
        result = await agent.run(data)
        assert result["output"]["intent_detected"] == "away_message"
>       agent.meta_adapter.send_instagram_dm.assert_called_with("u1", pytest.any_str)
                                                                      ^^^^^^^^^^^^^^
E       AttributeError: module 'pytest' has no attribute 'any_str'

tests\test_instagram_dm_handler_agent.py:80: AttributeError
________________ test_inventario_consultado_antes_de_responder ________________

mock_supabase = <MagicMock id='1957184641488'>

    @pytest.mark.asyncio
    async def test_inventario_consultado_antes_de_responder(mock_supabase):
        # Mock encontrar un producto
        mock_supabase.table().select().ilike().limit().execute = AsyncMock(return_value=MagicMock(data=[
            {"sku": "KTO-123", "name": "Cepillo Pro", "available_qty": 10}
        ]))
    
        agent = InstagramDMHandlerAgent("tenant-123", mock_supabase)
        agent.meta_adapter.send_instagram_dm = AsyncMock(return_value=True)
    
        data = {"sender_id": "u1", "message_text": "tienes Cepillo?"}
        result = await agent.run(data)
        assert result["status"] == "success"
        # Verificar que se busc¾ en inventory table
>       assert mock_supabase.table.called_with("inventory")
               ^^^^^^^^^^^^^^^^^^^^^^^^^^^^^^^

tests\test_instagram_dm_handler_agent.py:96: 
_ _ _ _ _ _ _ _ _ _ _ _ _ _ _ _ _ _ _ _ _ _ _ _ _ _ _ _ _ _ _ _ _ _ _ _ _ _ _ _

self = <MagicMock name='mock.table' id='1957180955520'>, name = 'called_with'

    def __getattr__(self, name):
        if name in {'_mock_methods', '_mock_unsafe'}:
            raise AttributeError(name)
        elif self._mock_methods is not None:
            if name not in self._mock_methods or name in _all_magics:
                raise AttributeError("Mock object has no attribute %r" % name)
        elif _is_magic(name):
            raise AttributeError(name)
        if not self._mock_unsafe and (not self._mock_methods or name not in self._mock_methods):
            if name.startswith(('assert', 'assret', 'asert', 'aseert', 'assrt')) or name in _ATTRIB_DENY_LIST:
>               raise AttributeError(
                    f"{name!r} is not a valid assertion. Use a spec "
                    f"for the mock if {name!r} is meant to be an attribute.")
E               AttributeError: 'called_with' is not a valid assertion. Use a spec for the mock if 'called_with' is meant to be an attribute.

..\..\AppData\Local\Programs\Python\Python312\Lib\unittest\mock.py:665: AttributeError
____________________ test_tenant_isolation_inventory_query ____________________

mock_supabase = <MagicMock id='1957184226752'>

    @pytest.mark.asyncio
    async def test_tenant_isolation_inventory_query(mock_supabase):
        agent = InstagramDMHandlerAgent("tenant-A", mock_supabase)
        agent.meta_adapter.send_instagram_dm = AsyncMock(return_value=True)
    
        # execute() no pasa tenant_id a la query de inventory (porque asume RLS o query manual)
        # En nuestro agente usamos .eq("tenant_id", self.tenant_id) si fuera necesario,
        # pero el scaffold asume RLS para inventory.
        # Validamos que self.tenant_id se usa en el log de CRM.
        data = {"sender_id": "u1", "message_text": "Hola"}
        await agent.run(data)
    
        # Check that insert uses tenant-A
>       call_args = mock_supabase.table().insert.call_args[0][0]
                    ^^^^^^^^^^^^^^^^^^^^^^^^^^^^^^^^^^^^^^^^^^^^
E       IndexError: tuple index out of range

tests\test_instagram_dm_handler_agent.py:132: IndexError
___________________________ test_intent_b2c_default ___________________________

mock_supabase = <MagicMock id='1957184587536'>

    @pytest.mark.asyncio
    async def test_intent_b2c_default(mock_supabase):
        agent = InstagramDMHandlerAgent("t1", mock_supabase)
        agent.meta_adapter.send_instagram_dm = AsyncMock(return_value=True)
        result = await agent.run({"sender_id": "ig1", "message_text": "solo quiero uno"})
>       assert result["output"]["intent_detected"] == "B2C_QUERY"
E       AssertionError: assert 'away_message' == 'B2C_QUERY'
E         
E         - B2C_QUERY
E         + away_message

tests\test_instagram_dm_handler_agent.py:147: AssertionError
________________________ test_hmac_invalido_rechazado _________________________

mock_supabase = <MagicMock id='1957184336240'>

    @pytest.mark.asyncio
    async def test_hmac_invalido_rechazado(mock_supabase):
        agent = InstagramCommentsAgent("t1", mock_supabase)
        agent.meta_adapter.verify_webhook_signature = AsyncMock(return_value=False)
    
        data = {"comment_id": "c1", "comment_text": "hi", "payload_bytes": b"b", "x_hub_signature": "s"}
        result = await agent.run(data)
>       assert result["status"] == "error"
E       AssertionError: assert 'success' == 'error'
E         
E         - error
E         + success

tests\test_instagram_comments_agent.py:19: AssertionError
___________________ test_positivo_respuesta_agradecimiento ____________________

mock_supabase = <MagicMock id='1957185047152'>

    @pytest.mark.asyncio
    async def test_positivo_respuesta_agradecimiento(mock_supabase):
        agent = InstagramCommentsAgent("t1", mock_supabase)
        agent.meta_adapter.post_instagram_comment_reply = AsyncMock(return_value=True)
    
        data = {"comment_id": "c1", "comment_text": "Excelente producto, 100% recomendado"}
        result = await agent.run(data)
    
        assert result["output"]["intent_detected"] == "positivo"
>       agent.meta_adapter.post_instagram_comment_reply.assert_called_with("c1", pytest.string_matches("íMuchas gracias.*"))
                                                                                 ^^^^^^^^^^^^^^^^^^^^^
E       AttributeError: module 'pytest' has no attribute 'string_matches'

tests\test_instagram_comments_agent.py:56: AttributeError
_________________ test_return_creado_status_pending_approval __________________

mock_supabase = <MagicMock id='1957185723888'>

    @pytest.mark.asyncio
    async def test_return_creado_status_pending_approval(mock_supabase):
        agent = ReturnsRefundsAgent("t1", mock_supabase)
        data = {"order_id": "ORD-1", "platform": "amazon"}
        await agent.run(data)
        # Verificar que se insert¾ con status pending_approval
>       call_args = mock_supabase.table("returns").insert.call_args[0][0]
                    ^^^^^^^^^^^^^^^^^^^^^^^^^^^^^^^^^^^^^^^^^^^^^^^^^^
E       TypeError: 'NoneType' object is not subscriptable

tests\test_returns_refunds_agent.py:59: TypeError
______________________ test_order_filtrado_con_tenant_id ______________________

mock_supabase = <MagicMock id='1957206413904'>

    @pytest.mark.asyncio
    async def test_order_filtrado_con_tenant_id(mock_supabase):
        agent = ReturnsRefundsAgent("tenant-X", mock_supabase)
        data = {"order_id": "ORD-1", "platform": "amazon"}
        await agent.run(data)
>       call_args = mock_supabase.table("returns").insert.call_args[0][0]
                    ^^^^^^^^^^^^^^^^^^^^^^^^^^^^^^^^^^^^^^^^^^^^^^^^^^
E       TypeError: 'NoneType' object is not subscriptable

tests\test_returns_refunds_agent.py:78: TypeError
__________________ test_cfdi_egreso_relacionado_al_original ___________________

self = <MagicMock name='mock.select().eq().single' id='1957184413408'>

    def assert_called(self):
        """assert that the mock was called at least once
        """
        if self.call_count == 0:
            msg = ("Expected '%s' to have been called." %
                   (self._mock_name or 'mock'))
>           raise AssertionError(msg)
E           AssertionError: Expected 'single' to have been called.

..\..\AppData\Local\Programs\Python\Python312\Lib\unittest\mock.py:918: AssertionError

During handling of the above exception, another exception occurred:

mock_supabase = <MagicMock id='1957184418304'>

    @pytest.mark.asyncio
    async def test_cfdi_egreso_relacionado_al_original(mock_supabase):
        agent = ReturnsRefundsAgent("t1", mock_supabase)
        # process_approval llama a _trigger_cfdi_egreso que busca el original
        await agent.process_approval("ret-123", "user-boss", True)
        # La b·squeda de CFDI original debe ocurrir por order_id
>       mock_supabase.table("cfdi_records").select().eq().single.assert_called()
E       AssertionError: Expected 'single' to have been called.

tests\test_returns_refunds_agent.py:101: AssertionError
________________________ test_tenant_isolation_returns ________________________

self = <MagicMock name='mock.select().eq' id='1957205956256'>
args = ('tenant_id', 't1'), kwargs = {}, expected = call('tenant_id', 't1')
cause = None, actual = [], expected_string = "eq('tenant_id', 't1')"

    def assert_any_call(self, /, *args, **kwargs):
        """assert the mock has been called with the specified arguments.
    
        The assert passes if the mock has *ever* been called, unlike
        `assert_called_with` and `assert_called_once_with` that only pass if
        the call is the most recent one."""
        expected = self._call_matcher(_Call((args, kwargs), two=True))
        cause = expected if isinstance(expected, Exception) else None
        actual = [self._call_matcher(c) for c in self.call_args_list]
        if cause or expected not in _AnyComparer(actual):
            expected_string = self._format_mock_call_signature(args, kwargs)
>           raise AssertionError(
                '%s call not found' % expected_string
            ) from cause
E           AssertionError: eq('tenant_id', 't1') call not found

..\..\AppData\Local\Programs\Python\Python312\Lib\unittest\mock.py:1020: AssertionError

During handling of the above exception, another exception occurred:

mock_supabase = <MagicMock id='1957185869040'>

    @pytest.mark.asyncio
    async def test_tenant_isolation_returns(mock_supabase):
        agent = ReturnsRefundsAgent("t1", mock_supabase)
        # process_approval valida rol EN ESE tenant
        await agent.process_approval("ret-123", "user-1", True)
>       mock_supabase.table("tenant_users").select().eq.assert_any_call("tenant_id", "t1")
E       AssertionError: eq('tenant_id', 't1') call not found

tests\test_returns_refunds_agent.py:123: AssertionError
_____________________ test_media_urls_guardadas_en_jsonb ______________________

mock_supabase = <MagicMock id='1957184109408'>

    @pytest.mark.asyncio
    async def test_media_urls_guardadas_en_jsonb(mock_supabase):
        agent = ReturnsRefundsAgent("t1", mock_supabase)
        urls = ["http://img1.jpg", "http://img2.jpg"]
        data = {"order_id": "ORD-1", "platform": "amazon", "media_urls": urls}
        await agent.run(data)
>       call_args = mock_supabase.table("returns").insert.call_args[0][0]
                    ^^^^^^^^^^^^^^^^^^^^^^^^^^^^^^^^^^^^^^^^^^^^^^^^^^
E       TypeError: 'NoneType' object is not subscriptable

tests\test_returns_refunds_agent.py:131: TypeError
=========================== short test summary info ===========================
FAILED tests/test_instagram_dm_handler_agent.py::test_hmac_invalido_rechazado
FAILED tests/test_instagram_dm_handler_agent.py::test_b2b_intent_cantidad_mayor_5
FAILED tests/test_instagram_dm_handler_agent.py::test_b2b_intent_regex_factura
FAILED tests/test_instagram_dm_handler_agent.py::test_fuera_horario_mensaje_ausencia
FAILED tests/test_instagram_dm_handler_agent.py::test_inventario_consultado_antes_de_responder
FAILED tests/test_instagram_dm_handler_agent.py::test_tenant_isolation_inventory_query
FAILED tests/test_instagram_dm_handler_agent.py::test_intent_b2c_default - As...
FAILED tests/test_instagram_comments_agent.py::test_hmac_invalido_rechazado
FAILED tests/test_instagram_comments_agent.py::test_positivo_respuesta_agradecimiento
FAILED tests/test_returns_refunds_agent.py::test_return_creado_status_pending_approval
FAILED tests/test_returns_refunds_agent.py::test_order_filtrado_con_tenant_id
FAILED tests/test_returns_refunds_agent.py::test_cfdi_egreso_relacionado_al_original
FAILED tests/test_returns_refunds_agent.py::test_tenant_isolation_returns - A...
FAILED tests/test_returns_refunds_agent.py::test_media_urls_guardadas_en_jsonb
======================== 14 failed, 34 passed in 6.31s ========================
